// Jest Snapshot v1, https://goo.gl/fbAQLP

exports[`Tests the rendering of Capabilities 1`] = `
<div
  id="capabilities-page"
>
  <div
    className="capabilities-container background-light-translucent border-radius-15 box-shadow"
  >
    <h1
      className="heading-text main-heading foreground-back capital-text center-text"
    >
      Capabilities
    </h1>
    <div
      className="capabilities-links"
    >
      <a
        className="capability-link"
        href="#integrity"
      >
        <div
          className="img-container background-1"
        >
          <img
            alt=""
            src="integrity.png"
          />
        </div>
        <h1
          className="heading-text foreground-accent1 capital-text center-text"
        >
          Voting Integrity
        </h1>
      </a>
      <a
        className="capability-link"
        href="#security"
      >
        <div
          className="img-container background-1"
        >
          <img
            alt=""
            src="security.png"
          />
        </div>
        <h1
          className="heading-text foreground-accent1 capital-text center-text"
        >
          Security
        </h1>
      </a>
      <a
        className="capability-link"
        href="#admin"
      >
        <div
          className="img-container background-1"
        >
          <img
            alt=""
            src="admin.png"
          />
        </div>
        <h1
          className="heading-text foreground-accent1 capital-text center-text"
        >
          Admin Experience
        </h1>
      </a>
      <a
        className="capability-link"
        href="#voter"
      >
        <div
          className="img-container background-1"
        >
          <img
            alt=""
            src="voter.png"
          />
        </div>
        <h1
          className="heading-text foreground-accent1 capital-text center-text"
        >
          Voter Experience
        </h1>
      </a>
    </div>
  </div>
  <div
    className="capabilities-container border-radius-15 box-shadow capability foreground-light background-1-translucent"
    id="integrity"
  >
    <div
      className="capability-headings"
    >
      <h1
        className="heading-text capital-text"
      >
        Voting Integrity
      </h1>
      <h2
        className="subheading-text"
      >
        Trust the results of your votes and elections
      </h2>
    </div>
    <ul
      className="capability-points"
    >
      <li>
        <div
          className="subheading-text"
        >
          One-to-One Voting
        </div>
        <p
          className="normal-text"
        >
          Ensure voters are not able to cast multiple votes on the same ballot
        </p>
      </li>
      <li>
        <div
          className="subheading-text"
        >
          Voter Authentication
        </div>
        <p
          className="normal-text"
        >
          The voters are authenticated using Machine learning techniques like face detection and face recognition
        </p>
      </li>
    </ul>
  </div>
  <br />
  <br />
  <div
    className="capabilities-container border-radius-15 box-shadow capability foreground-back background-light-translucent"
    id="security"
  >
    <div
      className="capability-headings"
    >
      <h1
        className="heading-text capital-text"
      >
        Security
      </h1>
      <h2
        className="subheading-text"
      >
        Ensure the election's security and peace of mind.
      </h2>
    </div>
    <ul
      className="capability-points"
    >
      <li>
        <div
          className="subheading-text"
        >
          Anonymity of votes
        </div>
        <p
          className="normal-text"
        >
          Even the admin will not be able to see who voted for whom. Thus maintaining the anonymity of votes.
        </p>
      </li>
      <li>
        <div
          className="subheading-text"
        >
          Voter Login
        </div>
        <p
          className="normal-text"
        >
          Face detection technique is used to make sure only one person logs in while voting. Face recognition is also carried out to ensure that the person casting the vote and the one logged in are the same 
        </p>
      </li>
    </ul>
  </div>
  <br />
  <br />
  <div
    className="capabilities-container border-radius-15 box-shadow capability foreground-light background-1-translucent"
    id="admin"
  >
    <div
      className="capability-headings"
    >
      <h1
        className="heading-text capital-text"
      >
        Admin Experience
      </h1>
      <h2
        className="subheading-text"
      >
        Manage the voting process with ease
      </h2>
    </div>
    <ul
      className="capability-points"
    >
      <li>
        <div
          className="subheading-text"
        >
          Voting Platform
        </div>
        <p
          className="normal-text"
        >
          Gain control over your voting events. See the results analysis and everything at one place
        </p>
      </li>
      <li>
        <div
          className="subheading-text"
        >
          Vote Management Services
        </div>
        <p
          className="normal-text"
        >
          The admin can create groups of voters for different elections like club elections, student council elections, etc.
        </p>
      </li>
      <li>
        <div
          className="subheading-text"
        >
          Voter Upload Modules
        </div>
        <p
          className="normal-text"
        >
          Our voter list upload modules let you manage the list of eligible voters, their details, and login information.
        </p>
      </li>
      <li>
        <div
          className="subheading-text"
        >
          Vote Scheduling Options
        </div>
        <p
          className="normal-text"
        >
          Set elections to open and close at a preferred date and time
        </p>
      </li>
    </ul>
  </div>
  <br />
  <br />
  <div
    className="capabilities-container border-radius-15 box-shadow capability foreground-back background-light-translucent"
    id="voter"
  >
    <div
      className="capability-headings"
    >
      <h1
        className="heading-text capital-text"
      >
        Voter Experience
      </h1>
      <h2
        className="subheading-text"
      >
        Offer voters a straightforward, pleasant experience
      </h2>
    </div>
    <ul
      className="capability-points"
    >
      <li>
        <div
          className="subheading-text"
        >
          Voter Notifications
        </div>
        <p
          className="normal-text"
        >
          Even the admin will not be able to see who voted for whom. Thus maintaining the anonymity of votes.
        </p>
      </li>
      <li>
        <div
          className="subheading-text"
        >
          Effective and User Friendly UI
        </div>
        <p
          className="normal-text"
        >
          Providing voters an alternate login option using their college ID cards which is a unique-to-the-voter link that bypasses the traditional login page.
        </p>
      </li>
      <li>
        <div
          className="subheading-text"
        >
          Candidate Manifestos
        </div>
        <p
          className="normal-text"
        >
          There is an option to view the manifestos of all the candidates so that voters can make a more informed decision
        </p>
      </li>
      <li>
        <div
          className="subheading-text"
        >
          Social Media
        </div>
        <p
          className="normal-text"
        >
          In order to increase the voter turnout,we provide an option for the people who voted to upload a picture on their social media
        </p>
      </li>
    </ul>
  </div>
  <br />
  <br />
  <div
    style={
      Object {
        "opacity": "0",
      }
    }
  >
    .
  </div>
</div>
`;
